\BOOKMARK [1][-]{section.1}{\376\377\000I\000n\000t\000r\000o\000d\000u\000c\000e\000r\000e}{}% 1
\BOOKMARK [2][-]{subsection.1.1}{\376\377\000C\000o\000n\000t\000e\000x\000t\000\040\002\031\000i\000\040\000m\000o\000t\000i\000v\000a\002\033\000i\000e}{section.1}% 2
\BOOKMARK [2][-]{subsection.1.2}{\376\377\000P\000r\000o\000b\000l\000e\000m\000a\000:\000\040\000e\000x\000p\000l\000i\000c\000a\000b\000i\000l\000i\000t\000a\000t\000e\000\040\002\031\000i\000\040\000e\000f\000i\000c\000i\000e\000n\002\033\001\003}{section.1}% 3
\BOOKMARK [3][-]{subsubsection.1.2.1}{\376\377\000E\000x\000p\000l\000i\000c\000a\000b\000i\000l\000i\000t\000a\000t\000e\000a\000\040\000r\000e\000z\000u\000l\000t\000a\000t\000e\000l\000o\000r}{subsection.1.2}% 4
\BOOKMARK [3][-]{subsubsection.1.2.2}{\376\377\000E\000f\000i\000c\000i\000e\000n\002\033\000a\000\040\000m\000o\000d\000e\000l\000e\000l\000o\000r}{subsection.1.2}% 5
\BOOKMARK [2][-]{subsection.1.3}{\376\377\000C\000o\000n\000t\000r\000i\000b\000u\002\033\000i\000i\000\040\002\031\000i\000\040\000o\000b\000i\000e\000c\000t\000i\000v\000e}{section.1}% 6
\BOOKMARK [3][-]{subsubsection.1.3.1}{\376\377\000P\000r\000e\000p\000r\000o\000c\000e\000s\000a\000r\000e\000a\000\040\000d\000a\000t\000e\000l\000o\000r}{subsection.1.3}% 7
\BOOKMARK [3][-]{subsubsection.1.3.2}{\376\377\000I\000n\000t\000e\000g\000r\000a\000r\000e\000a\000\040\000m\000u\000l\000t\000i\000m\000o\000d\000a\000l\000i\000t\001\003\002\033\000i\000i}{subsection.1.3}% 8
\BOOKMARK [3][-]{subsubsection.1.3.3}{\376\377\000E\000x\000p\000l\000i\000c\000a\000b\000i\000l\000i\000t\000a\000t\000e\000a\000\040\000r\000e\000z\000u\000l\000t\000a\000t\000e\000l\000o\000r}{subsection.1.3}% 9
\BOOKMARK [3][-]{subsubsection.1.3.4}{\376\377\000C\000o\000m\000p\000r\000o\000m\000i\000s\000u\000l\000\040\000d\000i\000n\000t\000r\000e\000\040\000a\000c\000u\000r\000a\000t\000e\002\033\000e\000\040\002\031\000i\000\040\000e\000f\000i\000c\000i\000e\000n\002\033\001\003\000\040\000e\000n\000e\000r\000g\000e\000t\000i\000c\001\003}{subsection.1.3}% 10
\BOOKMARK [1][-]{section.2}{\376\377\000S\000e\000t\000u\000l\000\040\000d\000e\000\040\000d\000a\000t\000e\000\040\002\031\000i\000\040\000m\000e\000t\000o\000d\000o\000l\000o\000g\000i\000a\000\040\000p\000r\000o\000p\000u\000s\001\003}{}% 11
\BOOKMARK [2][-]{subsection.2.1}{\376\377\000S\000e\000t\000u\000l\000\040\000d\000e\000\040\000d\000a\000t\000e\000\040\000M\000E\000L\000D}{section.2}% 12
\BOOKMARK [2][-]{subsection.2.2}{\376\377\000P\000r\000e\000p\000r\000o\000c\000e\000s\000a\000r\000e\000a\000\040\000d\000a\000t\000e\000l\000o\000r}{section.2}% 13
\BOOKMARK [2][-]{subsection.2.3}{\376\377\000A\000r\000h\000i\000t\000e\000c\000t\000u\000r\000i\000l\000e\000\040\000u\000n\000i\000m\000o\000d\000a\000l\000e\000\040\000a\000n\000t\000r\000e\000n\000a\000t\000e}{section.2}% 14
\BOOKMARK [2][-]{subsection.2.4}{\376\377\000S\000t\000r\000a\000t\000e\000g\000i\000i\000l\000e\000\040\000d\000e\000\040\000f\000u\000z\000i\000u\000n\000e\000\040\000i\000m\000p\000l\000e\000m\000e\000n\000t\000a\000t\000e}{section.2}% 15
\BOOKMARK [2][-]{subsection.2.5}{\376\377\000M\000e\000t\000o\000d\000e\000l\000e\000\040\000d\000e\000\040\000e\000x\000p\000l\000i\000c\000a\000b\000i\000l\000i\000t\000a\000t\000e\000\040\000u\000t\000i\000l\000i\000z\000a\000t\000e}{section.2}% 16
\BOOKMARK [2][-]{subsection.2.6}{\376\377\000M\001\003\000s\000u\000r\000a\000r\000e\000a\000\040\000e\000f\000i\000c\000i\000e\000n\002\033\000e\000i}{section.2}% 17
\BOOKMARK [1][-]{section.3}{\376\377\000I\000m\000p\000l\000e\000m\000e\000n\000t\000a\000r\000e\000\040\002\031\000i\000\040\000c\000o\000n\000f\000i\000g\000u\000r\000a\000r\000e\000\040\000e\000x\000p\000e\000r\000i\000m\000e\000n\000t\000a\000l\001\003}{}% 18
\BOOKMARK [2][-]{subsection.3.1}{\376\377\000T\000e\000h\000n\000o\000l\000o\000g\000i\000i\000\040\000u\000t\000i\000l\000i\000z\000a\000t\000e}{section.3}% 19
\BOOKMARK [2][-]{subsection.3.2}{\376\377\000S\000t\000r\000u\000c\000t\000u\000r\000a\000\040\000i\000m\000p\000l\000e\000m\000e\000n\000t\001\003\000r\000i\000i}{section.3}% 20
\BOOKMARK [2][-]{subsection.3.3}{\376\377\000A\000n\000t\000r\000e\000n\000a\000r\000e\000a\000\040\000m\000o\000d\000e\000l\000e\000l\000o\000r}{section.3}% 21
\BOOKMARK [2][-]{subsection.3.4}{\376\377\000M\000e\000t\000r\000i\000c\000i\000\040\000d\000e\000\040\000e\000v\000a\000l\000u\000a\000r\000e}{section.3}% 22
\BOOKMARK [1][-]{section.4}{\376\377\000R\000e\000z\000u\000l\000t\000a\000t\000e\000\040\000e\000x\000p\000e\000r\000i\000m\000e\000n\000t\000a\000l\000e\000\040\000s\000i\000\040\000e\000v\000a\000l\000u\000a\000r\000e}{}% 23
\BOOKMARK [2][-]{subsection.4.1}{\376\377\000P\000e\000r\000f\000o\000r\000m\000a\000n\000t\000a\000\040\000g\000e\000n\000e\000r\000a\000l\000a}{section.4}% 24
\BOOKMARK [2][-]{subsection.4.2}{\376\377\000A\000n\000a\000l\000i\000z\000a\000\040\000m\000a\000t\000r\000i\000c\000e\000l\000o\000r\000\040\000d\000e\000\040\000c\000o\000n\000f\000u\000z\000i\000e}{section.4}% 25
\BOOKMARK [3][-]{subsubsection.4.2.1}{\376\377\000M\000o\000d\000e\000l\000e\000\040\000u\000n\000i\000m\000o\000d\000a\000l\000e\000\040\000c\000o\000m\000p\000l\000e\000x\000e\000\040\002\031\000i\000\040\000e\000f\000i\000c\000i\000e\000n\000t\000e}{subsection.4.2}% 26
\BOOKMARK [3][-]{subsubsection.4.2.2}{\376\377\000C\000o\000m\000p\000a\000r\000a\002\033\000i\000a\000\040\000d\000i\000n\000t\000r\000e\000\040\000f\000u\000z\000i\000u\000n\000i\000l\000e\000\040\000c\000o\000m\000p\000l\000e\000x\000e\000\040\002\031\000i\000\040\000e\000f\000i\000c\000i\000e\000n\000t\000e}{subsection.4.2}% 27
\BOOKMARK [2][-]{subsection.4.3}{\376\377\000A\000n\000a\000l\000i\000z\000a\000\040\000X\000A\000I\000\040\000p\000e\000\040\000c\000a\000z\000u\000r\000i\000\040\000g\000e\000n\000e\000r\000a\000l\000e}{section.4}% 28
\BOOKMARK [3][-]{subsubsection.4.3.1}{\376\377\000T\000e\000x\000t}{subsection.4.3}% 29
\BOOKMARK [3][-]{subsubsection.4.3.2}{\376\377\000A\000u\000d\000i\000o}{subsection.4.3}% 30
\BOOKMARK [3][-]{subsubsection.4.3.3}{\376\377\000I\000m\000a\000g\000i\000n\000e}{subsection.4.3}% 31
\BOOKMARK [2][-]{subsection.4.4}{\376\377\000A\000n\000a\000l\000i\000z\000a\000\040\000e\000f\000i\000c\000i\000e\000n\000t\000e\000i}{section.4}% 32
\BOOKMARK [1][-]{section.5}{\376\377\000C\000o\000n\000c\000l\000u\000z\000i\000i\000\040\002\031\000i\000\040\000d\000i\000r\000e\000c\002\033\000i\000i\000\040\000v\000i\000i\000t\000o\000a\000r\000e}{}% 33
